------------------------------------------------------------
Timing Analyzer Summary
------------------------------------------------------------

Type  : Slow 1200mV 85C Model Setup 'clk'
Slack : -1.547
TNS   : -15.095

Type  : Slow 1200mV 85C Model Setup 'OnePulser:OP|ps.01'
Slack : -0.551
TNS   : -1.525

Type  : Slow 1200mV 85C Model Hold 'OnePulser:OP|ps.01'
Slack : 0.339
TNS   : 0.000

Type  : Slow 1200mV 85C Model Hold 'clk'
Slack : 0.356
TNS   : 0.000

Type  : Slow 1200mV 85C Model Minimum Pulse Width 'clk'
Slack : -3.000
TNS   : -19.000

Type  : Slow 1200mV 85C Model Minimum Pulse Width 'OnePulser:OP|ps.01'
Slack : -1.000
TNS   : -4.000

Type  : Slow 1200mV 0C Model Setup 'clk'
Slack : -1.265
TNS   : -12.096

Type  : Slow 1200mV 0C Model Setup 'OnePulser:OP|ps.01'
Slack : -0.385
TNS   : -1.018

Type  : Slow 1200mV 0C Model Hold 'clk'
Slack : 0.310
TNS   : 0.000

Type  : Slow 1200mV 0C Model Hold 'OnePulser:OP|ps.01'
Slack : 0.311
TNS   : 0.000

Type  : Slow 1200mV 0C Model Minimum Pulse Width 'clk'
Slack : -3.000
TNS   : -19.000

Type  : Slow 1200mV 0C Model Minimum Pulse Width 'OnePulser:OP|ps.01'
Slack : -1.000
TNS   : -4.000

Type  : Fast 1200mV 0C Model Setup 'clk'
Slack : -0.437
TNS   : -2.956

Type  : Fast 1200mV 0C Model Setup 'OnePulser:OP|ps.01'
Slack : 0.131
TNS   : 0.000

Type  : Fast 1200mV 0C Model Hold 'OnePulser:OP|ps.01'
Slack : 0.154
TNS   : 0.000

Type  : Fast 1200mV 0C Model Hold 'clk'
Slack : 0.186
TNS   : 0.000

Type  : Fast 1200mV 0C Model Minimum Pulse Width 'clk'
Slack : -3.000
TNS   : -20.043

Type  : Fast 1200mV 0C Model Minimum Pulse Width 'OnePulser:OP|ps.01'
Slack : -1.000
TNS   : -4.000

------------------------------------------------------------
